boot_flash.c:16:6:flash_jump_to_factory_firmware	16	static,ignoring_inline_asm
boot_flash.c:39:6:flash_jump_to_main_firmware	16	static,ignoring_inline_asm
boot_flash.c:61:6:flash_jump_boot_loader_L2	16	static,ignoring_inline_asm
boot_flash.c:84:6:Bootloader_Init	16	static
boot_flash.c:136:9:Flag_Erase_All	32	static
boot_flash.c:157:6:Bootloader_FlashBegin	8	static
boot_flash.c:165:9:Bootloader_FlashNext	24	static
boot_flash.c:194:9:Write_Flag	32	static
boot_flash.c:225:6:Bootloader_FlashEnd	8	static
boot_flash.c:230:10:Read_Flag	24	static
