main.c:106:5:main	24	static
main.c:385:6:update_flag	16	static
main.c:396:6:iu_reset	8	static
main.c:403:6:Clear_all_flags	16	static
main.c:413:6:update_all_flag	8	static
main.c:421:6:read_all_flags	16	static
main.c:442:6:write_all_flags	144	static
main.c:487:6:write_flag_init	16	static
main.c:501:5:boot_pins_read	32	static
main.c:549:5:uart_debug	256	static
main.c:739:5:boot_uart_read	32	static
main.c:772:6:led_blink	8	static
main.c:785:17:Buffercmp	24	static
main.c:799:17:Buffercmp32	24	static
main.c:813:6:Buffercpy	32	static
main.c:823:6:SystemClock_Config	240	static
main.c:874:13:MX_UART5_Init	8	static
main.c:909:13:MX_USART3_UART_Init	8	static
main.c:944:13:MX_GPIO_Init	40	static
main.c:979:6:Error_Handler	4	static
