main.c:106:5:main	24	static
main.c:301:6:update_flag	16	static
main.c:312:6:iu_reset	8	static
main.c:319:6:Clear_all_flags	16	static
main.c:329:6:update_all_flag	8	static
main.c:337:6:read_all_flags	16	static
main.c:358:6:write_all_flags	144	static
main.c:403:6:write_flag_init	16	static
main.c:414:5:boot_pins_read	32	static
main.c:462:5:uart_debug	256	static
main.c:634:5:boot_uart_read	32	static
main.c:667:6:led_blink	8	static
main.c:680:17:Buffercmp	24	static
main.c:694:17:Buffercmp32	24	static
main.c:708:6:Buffercpy	32	static
main.c:718:6:SystemClock_Config	240	static
main.c:769:13:MX_UART5_Init	8	static
main.c:804:13:MX_USART3_UART_Init	8	static
main.c:839:13:MX_GPIO_Init	40	static
main.c:874:6:Error_Handler	4	static
