main.c:102:5:main	16	static
main.c:228:6:update_flag	16	static
main.c:237:6:read_all_flags	16	static
main.c:258:6:write_all_flags	144	static
main.c:303:6:write_flag_init	8	static
main.c:309:5:boot_pins_read	32	static
main.c:357:6:uart_debug	192	static
main.c:428:6:boot_uart_read	24	static
main.c:458:6:led_blink	8	static
main.c:471:17:Buffercmp	24	static
main.c:485:17:Buffercmp32	24	static
main.c:499:6:Buffercpy	32	static
main.c:509:6:SystemClock_Config	240	static
main.c:560:13:MX_UART5_Init	8	static
main.c:595:13:MX_USART3_UART_Init	8	static
main.c:630:13:MX_GPIO_Init	40	static
main.c:665:6:Error_Handler	4	static
